// Jest Snapshot v1, https://goo.gl/fbAQLP

exports[`icon 测试Iconui 1`] = `
<svg
  className="wron-icon"
>
  <use
    xlinkHref="#qq"
  />
</svg>
`;
