// Jest Snapshot v1, https://goo.gl/fbAQLP

exports[`button 测试buttonui 1`] = `
<button
  name="Primary"
/>
`;
